[0m23:44:20.073876 [debug] [MainThread]: Sending event: {'category': 'dbt', 'action': 'invocation', 'label': 'start', 'context': [<snowplow_tracker.self_describing_json.SelfDescribingJson object at 0x0000025FB8D96C30>, <snowplow_tracker.self_describing_json.SelfDescribingJson object at 0x0000025FB72794F0>, <snowplow_tracker.self_describing_json.SelfDescribingJson object at 0x0000025FB87647D0>]}


============================== 23:44:20.078110 | 7774642a-d015-48c0-b290-b183aa4f9cd8 ==============================
[0m23:44:20.078110 [info ] [MainThread]: Running with dbt=1.12.3
[0m23:44:20.079109 [debug] [MainThread]: running dbt with arguments {'static_parser': 'True', 'no_print': 'None', 'version_check': 'True', 'warn_error_options': 'WarnErrorOptionsV2(error=[], warn=[], silence=[])', 'target_path': 'None', 'maximum_seed_size_mib': '1', 'printer_width': '80', 'write_json': 'True', 'introspect': 'True', 'log_cache_events': 'False', 'empty': 'None', 'cache_selected_only': 'False', 'log_format': 'default', 'debug': 'False', 'fail_fast': 'False', 'partial_parse': 'True', 'send_anonymous_usage_stats': 'True', 'quiet': 'False', 'warn_error': 'None', 'profiles_dir': 'C:\\Users\\Admin\\.dbt', 'indirect_selection': 'eager', 'hints_enabled': 'True', 'invocation_command': 'dbt init advworks_dbt', 'use_experimental_parser': 'False', 'use_colors': 'True', 'log_path': 'logs'}
[0m23:44:20.097014 [info ] [MainThread]: Creating dbt configuration folder at C:\Users\Admin\.dbt
[0m23:44:20.100016 [debug] [MainThread]: Starter project path: C:\Users\Admin\Documents\Courses\Pipeline\Data-pipeline-end-to-end\.venv\Lib\site-packages\dbt\include\starter_project
[0m23:44:20.121283 [info ] [MainThread]: Setting up your profile.
[0m23:44:40.662456 [debug] [MainThread]: Snowflake adapter: Setting snowflake.connector to ERROR (file logging only)
[0m23:44:40.662456 [debug] [MainThread]: Snowflake adapter: Setting botocore to ERROR (file logging only)
[0m23:44:40.663456 [debug] [MainThread]: Snowflake adapter: Setting boto3 to ERROR (file logging only)
[0m23:49:22.824669 [error] [MainThread]: [[31mERROR[0m]: Encountered an error:

[0m23:49:22.826668 [error] [MainThread]: Traceback (most recent call last):
  File "C:\Users\Admin\Documents\Courses\Pipeline\Data-pipeline-end-to-end\.venv\Lib\site-packages\dbt\cli\requires.py", line 198, in wrapper
    result, success = func(*args, **kwargs)
                      ^^^^^^^^^^^^^^^^^^^^^
  File "C:\Users\Admin\Documents\Courses\Pipeline\Data-pipeline-end-to-end\.venv\Lib\site-packages\dbt\cli\requires.py", line 144, in wrapper
    return func(*args, **kwargs)
           ^^^^^^^^^^^^^^^^^^^^^
  File "C:\Users\Admin\Documents\Courses\Pipeline\Data-pipeline-end-to-end\.venv\Lib\site-packages\dbt\cli\main.py", line 504, in init
    results = task.run()
              ^^^^^^^^^^
  File "C:\Users\Admin\Documents\Courses\Pipeline\Data-pipeline-end-to-end\.venv\Lib\site-packages\dbt\task\init.py", line 363, in run
    self.setup_profile(profile_name)
  File "C:\Users\Admin\Documents\Courses\Pipeline\Data-pipeline-end-to-end\.venv\Lib\site-packages\dbt\task\init.py", line 265, in setup_profile
    self.create_profile_from_target(adapter, profile_name=profile_name)
  File "C:\Users\Admin\Documents\Courses\Pipeline\Data-pipeline-end-to-end\.venv\Lib\site-packages\dbt\task\init.py", line 182, in create_profile_from_target
    self.create_profile_from_profile_template(profile_template, profile_name)
  File "C:\Users\Admin\Documents\Courses\Pipeline\Data-pipeline-end-to-end\.venv\Lib\site-packages\dbt\task\init.py", line 166, in create_profile_from_profile_template
    target = self.generate_target_from_input(prompts, initial_target)
             ^^^^^^^^^^^^^^^^^^^^^^^^^^^^^^^^^^^^^^^^^^^^^^^^^^^^^^^^
  File "C:\Users\Admin\Documents\Courses\Pipeline\Data-pipeline-end-to-end\.venv\Lib\site-packages\dbt\task\init.py", line 116, in generate_target_from_input
    numeric_choice = click.prompt(prompt_msg, type=click.INT)
                     ^^^^^^^^^^^^^^^^^^^^^^^^^^^^^^^^^^^^^^^^
  File "C:\Users\Admin\Documents\Courses\Pipeline\Data-pipeline-end-to-end\.venv\Lib\site-packages\click\termui.py", line 262, in prompt
    value = prompt_func(prompt)
            ^^^^^^^^^^^^^^^^^^^
  File "C:\Users\Admin\Documents\Courses\Pipeline\Data-pipeline-end-to-end\.venv\Lib\site-packages\click\termui.py", line 245, in prompt_func
    raise Abort() from None
click.exceptions.Abort

[0m23:49:22.827670 [debug] [MainThread]: Command `dbt init` failed at 23:49:22.827670 after 302.86 seconds
[0m23:49:22.828668 [debug] [MainThread]: Sending event: {'category': 'dbt', 'action': 'invocation', 'label': 'end', 'context': [<snowplow_tracker.self_describing_json.SelfDescribingJson object at 0x0000025FB93FF680>, <snowplow_tracker.self_describing_json.SelfDescribingJson object at 0x0000025FBC1F2840>, <snowplow_tracker.self_describing_json.SelfDescribingJson object at 0x0000025FBB4C9DC0>]}
[0m23:49:22.828668 [debug] [MainThread]: Flushing usage events
[0m23:49:24.607838 [debug] [MainThread]: An error was encountered while trying to flush usage events
[0m23:49:33.878041 [debug] [MainThread]: Sending event: {'category': 'dbt', 'action': 'invocation', 'label': 'start', 'context': [<snowplow_tracker.self_describing_json.SelfDescribingJson object at 0x0000014C23C82DE0>, <snowplow_tracker.self_describing_json.SelfDescribingJson object at 0x0000014C23C83050>, <snowplow_tracker.self_describing_json.SelfDescribingJson object at 0x0000014C23C80AA0>]}


============================== 23:49:33.882042 | 286f751a-d13b-4fab-a3e2-8b8c8b6daf10 ==============================
[0m23:49:33.882042 [info ] [MainThread]: Running with dbt=1.12.3
[0m23:49:33.882042 [debug] [MainThread]: running dbt with arguments {'version_check': 'True', 'no_print': 'None', 'static_parser': 'True', 'warn_error_options': 'WarnErrorOptionsV2(error=[], warn=[], silence=[])', 'maximum_seed_size_mib': '1', 'target_path': 'None', 'printer_width': '80', 'write_json': 'True', 'empty': 'None', 'log_cache_events': 'False', 'introspect': 'True', 'cache_selected_only': 'False', 'fail_fast': 'False', 'debug': 'False', 'log_format': 'default', 'profiles_dir': 'C:\\Users\\Admin\\.dbt', 'send_anonymous_usage_stats': 'True', 'quiet': 'False', 'warn_error': 'None', 'partial_parse': 'True', 'invocation_command': 'dbt init advworks_dbt', 'hints_enabled': 'True', 'use_colors': 'True', 'use_experimental_parser': 'False', 'indirect_selection': 'eager', 'log_path': 'logs'}
[0m23:49:33.903044 [info ] [MainThread]: A project called advworks_dbt already exists here.
[0m23:49:33.904042 [debug] [MainThread]: Command `dbt init` succeeded at 23:49:33.904042 after 0.14 seconds
[0m23:49:33.904042 [debug] [MainThread]: Sending event: {'category': 'dbt', 'action': 'invocation', 'label': 'end', 'context': [<snowplow_tracker.self_describing_json.SelfDescribingJson object at 0x0000014C21CFC470>, <snowplow_tracker.self_describing_json.SelfDescribingJson object at 0x0000014C1FAFC1D0>, <snowplow_tracker.self_describing_json.SelfDescribingJson object at 0x0000014C219935C0>]}
[0m23:49:33.905042 [debug] [MainThread]: Flushing usage events
[0m23:49:35.482913 [debug] [MainThread]: An error was encountered while trying to flush usage events
[0m15:19:46.682916 [debug] [MainThread]: Sending event: {'category': 'dbt', 'action': 'invocation', 'label': 'start', 'context': [<snowplow_tracker.self_describing_json.SelfDescribingJson object at 0x0000029376DF17F0>, <snowplow_tracker.self_describing_json.SelfDescribingJson object at 0x0000029374295820>, <snowplow_tracker.self_describing_json.SelfDescribingJson object at 0x0000029377915940>]}


============================== 15:19:46.687787 | ba9071c1-ac82-45a7-b100-839232766949 ==============================
[0m15:19:46.687787 [info ] [MainThread]: Running with dbt=1.12.3
[0m15:19:46.688298 [debug] [MainThread]: running dbt with arguments {'version_check': 'True', 'no_print': 'None', 'static_parser': 'True', 'target_path': 'None', 'warn_error_options': 'WarnErrorOptionsV2(error=[], warn=[], silence=[])', 'maximum_seed_size_mib': '1', 'printer_width': '80', 'write_json': 'True', 'empty': 'False', 'log_cache_events': 'False', 'introspect': 'True', 'cache_selected_only': 'False', 'log_format': 'default', 'debug': 'False', 'fail_fast': 'False', 'partial_parse': 'True', 'send_anonymous_usage_stats': 'True', 'quiet': 'False', 'warn_error': 'None', 'profiles_dir': 'C:\\Users\\Admin\\.dbt', 'use_colors': 'True', 'hints_enabled': 'True', 'indirect_selection': 'eager', 'use_experimental_parser': 'False', 'invocation_command': 'dbt run --select fact_internet_sales_prepare', 'log_path': 'logs'}
[0m15:19:46.688298 [error] [MainThread]: [[31mERROR[0m]: Encountered an error:
Runtime Error
  No dbt_project.yml found at expected path C:\Users\Admin\Documents\Courses\Pipeline\Data-pipeline-end-to-end\DBT\dbt_project.yml
  Verify that each entry within packages.yml (and their transitive dependencies) contains a file named dbt_project.yml
  
[0m15:19:46.689303 [debug] [MainThread]: Command `dbt run` failed at 15:19:46.689303 after 0.12 seconds
[0m15:19:46.690304 [debug] [MainThread]: Sending event: {'category': 'dbt', 'action': 'invocation', 'label': 'end', 'context': [<snowplow_tracker.self_describing_json.SelfDescribingJson object at 0x00000293753388F0>, <snowplow_tracker.self_describing_json.SelfDescribingJson object at 0x0000029376DF17F0>, <snowplow_tracker.self_describing_json.SelfDescribingJson object at 0x0000029376DF0FB0>]}
[0m15:19:46.690304 [debug] [MainThread]: Flushing usage events
[0m15:19:48.331789 [debug] [MainThread]: An error was encountered while trying to flush usage events
[0m18:15:07.302475 [debug] [MainThread]: Sending event: {'category': 'dbt', 'action': 'invocation', 'label': 'start', 'context': [<snowplow_tracker.self_describing_json.SelfDescribingJson object at 0x0000023586363AA0>, <snowplow_tracker.self_describing_json.SelfDescribingJson object at 0x0000023586361370>, <snowplow_tracker.self_describing_json.SelfDescribingJson object at 0x0000023586363920>]}


============================== 18:15:07.306845 | 0f7a2a29-665e-4569-8f12-28ea8e63486a ==============================
[0m18:15:07.306845 [info ] [MainThread]: Running with dbt=1.12.3
[0m18:15:07.306845 [debug] [MainThread]: running dbt with arguments {'version_check': 'True', 'no_print': 'None', 'maximum_seed_size_mib': '1', 'warn_error_options': 'WarnErrorOptionsV2(error=[], warn=[], silence=[])', 'target_path': 'None', 'static_parser': 'True', 'printer_width': '80', 'write_json': 'True', 'empty': 'None', 'log_cache_events': 'False', 'introspect': 'True', 'cache_selected_only': 'False', 'log_format': 'default', 'debug': 'False', 'fail_fast': 'False', 'partial_parse': 'True', 'send_anonymous_usage_stats': 'True', 'quiet': 'False', 'warn_error': 'None', 'profiles_dir': 'C:\\Users\\Admin\\.dbt', 'indirect_selection': 'eager', 'hints_enabled': 'True', 'use_colors': 'True', 'use_experimental_parser': 'False', 'invocation_command': 'dbt debug', 'log_path': 'logs'}
[0m18:15:07.330487 [info ] [MainThread]: dbt version: 1.12.3
[0m18:15:07.330487 [info ] [MainThread]: python version: 3.12.6
[0m18:15:07.331486 [info ] [MainThread]: python path: C:\Users\Admin\Documents\Courses\Pipeline\Data-pipeline-end-to-end\.venv\Scripts\python.exe
[0m18:15:07.331486 [info ] [MainThread]: os info: Windows-11-10.0.22621-SP0
[0m18:15:07.336486 [error] [MainThread]: [[31mERROR[0m]: Encountered an error:
Parsing Error
  Env var required but not provided: 'SNOWFLAKE_PRIVATE_KEY_PASSPHRASE'
[0m18:15:07.337487 [debug] [MainThread]: Command `dbt debug` failed at 18:15:07.337487 after 0.15 seconds
[0m18:15:07.338487 [debug] [MainThread]: Sending event: {'category': 'dbt', 'action': 'invocation', 'label': 'end', 'context': [<snowplow_tracker.self_describing_json.SelfDescribingJson object at 0x00000235847A60F0>, <snowplow_tracker.self_describing_json.SelfDescribingJson object at 0x0000023583FF3050>, <snowplow_tracker.self_describing_json.SelfDescribingJson object at 0x000002358463AD20>]}
[0m18:15:07.338487 [debug] [MainThread]: Flushing usage events
[0m18:15:08.842510 [debug] [MainThread]: An error was encountered while trying to flush usage events
[0m18:16:09.954094 [debug] [MainThread]: Sending event: {'category': 'dbt', 'action': 'invocation', 'label': 'start', 'context': [<snowplow_tracker.self_describing_json.SelfDescribingJson object at 0x0000016722DD6E40>, <snowplow_tracker.self_describing_json.SelfDescribingJson object at 0x0000016720AE2C90>, <snowplow_tracker.self_describing_json.SelfDescribingJson object at 0x0000016720AE1910>]}


============================== 18:16:09.957712 | 288abec9-7d5c-4f0c-86da-46b204ac2968 ==============================
[0m18:16:09.957712 [info ] [MainThread]: Running with dbt=1.12.3
[0m18:16:09.958712 [debug] [MainThread]: running dbt with arguments {'version_check': 'True', 'no_print': 'None', 'maximum_seed_size_mib': '1', 'warn_error_options': 'WarnErrorOptionsV2(error=[], warn=[], silence=[])', 'target_path': 'None', 'static_parser': 'True', 'printer_width': '80', 'write_json': 'True', 'introspect': 'True', 'log_cache_events': 'False', 'empty': 'None', 'cache_selected_only': 'False', 'log_format': 'default', 'debug': 'False', 'fail_fast': 'False', 'partial_parse': 'True', 'send_anonymous_usage_stats': 'True', 'quiet': 'False', 'warn_error': 'None', 'profiles_dir': 'C:\\Users\\Admin\\.dbt', 'invocation_command': 'dbt debug', 'hints_enabled': 'True', 'indirect_selection': 'eager', 'use_experimental_parser': 'False', 'use_colors': 'True', 'log_path': 'logs'}
[0m18:16:09.977949 [info ] [MainThread]: dbt version: 1.12.3
[0m18:16:09.978951 [info ] [MainThread]: python version: 3.12.6
[0m18:16:09.978951 [info ] [MainThread]: python path: C:\Users\Admin\Documents\Courses\Pipeline\Data-pipeline-end-to-end\.venv\Scripts\python.exe
[0m18:16:09.978951 [info ] [MainThread]: os info: Windows-11-10.0.22621-SP0
[0m18:16:10.790637 [debug] [MainThread]: Snowflake adapter: Setting snowflake.connector to ERROR (file logging only)
[0m18:16:10.790637 [debug] [MainThread]: Snowflake adapter: Setting botocore to ERROR (file logging only)
[0m18:16:10.791637 [debug] [MainThread]: Snowflake adapter: Setting boto3 to ERROR (file logging only)
[0m18:16:12.664138 [info ] [MainThread]: Using profiles dir at C:\Users\Admin\.dbt
[0m18:16:12.665140 [info ] [MainThread]: Using profiles.yml file at C:\Users\Admin\.dbt\profiles.yml
[0m18:16:12.665140 [info ] [MainThread]: Using dbt_project.yml file at C:\Users\Admin\Documents\Courses\Pipeline\Data-pipeline-end-to-end\DBT\dbt_project.yml
[0m18:16:12.666137 [info ] [MainThread]: adapter type: snowflake
[0m18:16:12.666137 [info ] [MainThread]: adapter version: 1.12.0
[0m18:16:12.667137 [info ] [MainThread]: Configuration:
[0m18:16:12.667137 [info ] [MainThread]:   profiles.yml file [[32mOK found and valid[0m]
[0m18:16:12.667137 [info ] [MainThread]:   dbt_project.yml file [[31mERROR not found[0m]
[0m18:16:12.668137 [info ] [MainThread]: Required dependencies:
[0m18:16:12.668137 [debug] [MainThread]: Executing "git --help"
[0m18:16:12.700138 [debug] [MainThread]: STDOUT: "b"usage: git [-v | --version] [-h | --help] [-C <path>] [-c <name>=<value>]\n           [--exec-path[=<path>]] [--html-path] [--man-path] [--info-path]\n           [-p | --paginate | -P | --no-pager] [--no-replace-objects] [--bare]\n           [--git-dir=<path>] [--work-tree=<path>] [--namespace=<name>]\n           [--config-env=<name>=<envvar>] <command> [<args>]\n\nThese are common Git commands used in various situations:\n\nstart a working area (see also: git help tutorial)\n   clone     Clone a repository into a new directory\n   init      Create an empty Git repository or reinitialize an existing one\n\nwork on the current change (see also: git help everyday)\n   add       Add file contents to the index\n   mv        Move or rename a file, a directory, or a symlink\n   restore   Restore working tree files\n   rm        Remove files from the working tree and from the index\n\nexamine the history and state (see also: git help revisions)\n   bisect    Use binary search to find the commit that introduced a bug\n   diff      Show changes between commits, commit and working tree, etc\n   grep      Print lines matching a pattern\n   log       Show commit logs\n   show      Show various types of objects\n   status    Show the working tree status\n\ngrow, mark and tweak your common history\n   branch    List, create, or delete branches\n   commit    Record changes to the repository\n   merge     Join two or more development histories together\n   rebase    Reapply commits on top of another base tip\n   reset     Reset current HEAD to the specified state\n   switch    Switch branches\n   tag       Create, list, delete or verify a tag object signed with GPG\n\ncollaborate (see also: git help workflows)\n   fetch     Download objects and refs from another repository\n   pull      Fetch from and integrate with another repository or a local branch\n   push      Update remote refs along with associated objects\n\n'git help -a' and 'git help -g' list available subcommands and some\nconcept guides. See 'git help <command>' or 'git help <concept>'\nto read about a specific subcommand or concept.\nSee 'git help git' for an overview of the system.\n""
[0m18:16:12.701137 [debug] [MainThread]: STDERR: "b''"
[0m18:16:12.701137 [info ] [MainThread]:  - git [[32mOK found[0m]

[0m18:16:12.701137 [info ] [MainThread]: Connection:
[0m18:16:12.701137 [info ] [MainThread]:   account: QNFANFA-QI17075
[0m18:16:12.702137 [info ] [MainThread]:   user: CHETANCHANDRA81
[0m18:16:12.702137 [info ] [MainThread]:   database: ADVWORKS_DEV
[0m18:16:12.702137 [info ] [MainThread]:   warehouse: ETL_WH_DEV
[0m18:16:12.703137 [info ] [MainThread]:   role: ACCOUNTADMIN
[0m18:16:12.703137 [info ] [MainThread]:   schema: PREPARE
[0m18:16:12.703137 [info ] [MainThread]:   authenticator: None
[0m18:16:12.703137 [info ] [MainThread]:   oauth_client_id: None
[0m18:16:12.704137 [info ] [MainThread]:   query_tag: None
[0m18:16:12.704137 [info ] [MainThread]:   client_session_keep_alive: False
[0m18:16:12.704137 [info ] [MainThread]:   host: None
[0m18:16:12.705137 [info ] [MainThread]:   port: None
[0m18:16:12.705137 [info ] [MainThread]:   proxy_host: None
[0m18:16:12.705137 [info ] [MainThread]:   proxy_port: None
[0m18:16:12.705137 [info ] [MainThread]:   protocol: None
[0m18:16:12.706137 [info ] [MainThread]:   connect_retries: 1
[0m18:16:12.706137 [info ] [MainThread]:   connect_timeout: None
[0m18:16:12.706137 [info ] [MainThread]:   retry_on_database_errors: False
[0m18:16:12.707138 [info ] [MainThread]:   retry_all: False
[0m18:16:12.707138 [info ] [MainThread]:   insecure_mode: False
[0m18:16:12.707138 [info ] [MainThread]:   reuse_connections: True
[0m18:16:12.707138 [info ] [MainThread]:   s3_stage_vpce_dns_name: None
[0m18:16:12.708137 [info ] [MainThread]:   workload_identity_provider: None
[0m18:16:12.708137 [info ] [MainThread]:   workload_identity_entra_resource: None
[0m18:16:12.708137 [info ] [MainThread]:   platform_detection_timeout_seconds: 0.0
[0m18:16:12.709137 [info ] [MainThread]: Registered adapter: snowflake=1.12.0
[0m18:16:13.093906 [debug] [MainThread]: Acquiring new snowflake connection 'debug'
[0m18:16:13.096722 [debug] [MainThread]: Using snowflake connection "debug"
[0m18:16:13.096722 [debug] [MainThread]: On debug: select 1 as id
[0m18:16:13.096722 [debug] [MainThread]: Opening a new connection, currently in state init
[0m18:16:16.141987 [debug] [MainThread]: SQL status: SUCCESS 1 in 3.045 seconds
[0m18:16:16.142986 [info ] [MainThread]:   Connection test: [[32mOK connection ok[0m]

[0m18:16:16.142986 [info ] [MainThread]: [31m1 check failed:[0m
[0m18:16:16.143986 [info ] [MainThread]: Project loading failed for the following reason:
 project path <C:\Users\Admin\Documents\Courses\Pipeline\Data-pipeline-end-to-end\DBT\dbt_project.yml> not found

[0m18:16:16.144986 [debug] [MainThread]: Command `dbt debug` failed at 18:16:16.144986 after 6.30 seconds
[0m18:16:16.144986 [debug] [MainThread]: Connection 'debug' was left open.
[0m18:16:16.144986 [debug] [MainThread]: On debug: Close
[0m18:16:16.716076 [debug] [MainThread]: Sending event: {'category': 'dbt', 'action': 'invocation', 'label': 'end', 'context': [<snowplow_tracker.self_describing_json.SelfDescribingJson object at 0x000001672385CCB0>, <snowplow_tracker.self_describing_json.SelfDescribingJson object at 0x0000016720624B00>, <snowplow_tracker.self_describing_json.SelfDescribingJson object at 0x000001672427D9A0>]}
[0m18:16:16.717075 [debug] [MainThread]: Flushing usage events
[0m18:16:18.399242 [debug] [MainThread]: An error was encountered while trying to flush usage events
